

================================================================
== Vitis HLS Report for 'mmult'
================================================================
* Date:           Thu Oct 15 22:17:24 2020

* Version:        2020.1 (Build 2902540 on Wed May 27 20:16:15 MDT 2020)
* Project:        hw5_project
* Solution:       solution1 (Vitis Kernel Flow Target)
* Product family: virtexuplus
* Target device:  xcvu9p-flgb2104-2-i


================================================================
== Performance Estimates
================================================================
+ Timing: 
    * Summary: 
    +--------+---------+----------+------------+
    |  Clock |  Target | Estimated| Uncertainty|
    +--------+---------+----------+------------+
    |ap_clk  | 8.00 ns | 5.840 ns |   2.16 ns  |
    +--------+---------+----------+------------+

+ Latency: 
    * Summary: 
    +---------+---------+----------+----------+-------+-------+---------+
    |  Latency (cycles) |  Latency (absolute) |    Interval   | Pipeline|
    |   min   |   max   |    min   |    max   |  min  |  max  |   Type  |
    +---------+---------+----------+----------+-------+-------+---------+
    |    19240|    19240| 0.154 ms | 0.154 ms |  19241|  19241|   none  |
    +---------+---------+----------+----------+-------+-------+---------+

    + Detail: 
        * Instance: 
        N/A

        * Loop: 
        +---------------------------+---------+---------+----------+-----------+-----------+------+----------+
        |                           |  Latency (cycles) | Iteration|  Initiation Interval  | Trip |          |
        |         Loop Name         |   min   |   max   |  Latency |  achieved |   target  | Count| Pipelined|
        +---------------------------+---------+---------+----------+-----------+-----------+------+----------+
        |- Init_loop_i              |     6784|     6784|       106|          -|          -|    64|    no    |
        | + Init_loop_j             |       95|       95|        15|          -|          -|     6|    no    |
        |- Main_loop_i_Main_loop_j  |    12315|    12315|        31|          3|          1|  4096|    yes   |
        +---------------------------+---------+---------+----------+-----------+-----------+------+----------+



================================================================
== Utilization Estimates
================================================================
* Summary: 
+---------------------+---------+------+---------+---------+-----+
|         Name        | BRAM_18K|  DSP |    FF   |   LUT   | URAM|
+---------------------+---------+------+---------+---------+-----+
|DSP                  |        -|     -|        -|        -|    -|
|Expression           |        -|     -|        0|    75767|    -|
|FIFO                 |        -|     -|        -|        -|    -|
|Instance             |       60|   108|    10743|    10983|    -|
|Memory               |       44|     -|        0|        0|    -|
|Multiplexer          |        -|     -|        -|     3205|    -|
|Register             |        -|     -|    22164|       96|    -|
+---------------------+---------+------+---------+---------+-----+
|Total                |      104|   108|    32907|    90051|    0|
+---------------------+---------+------+---------+---------+-----+
|Available SLR        |     1440|  2280|   788160|   394080|  320|
+---------------------+---------+------+---------+---------+-----+
|Utilization SLR (%)  |        7|     4|        4|       22|    0|
+---------------------+---------+------+---------+---------+-----+
|Available            |     4320|  6840|  2364480|  1182240|  960|
+---------------------+---------+------+---------+---------+-----+
|Utilization (%)      |        2|     1|        1|        7|    0|
+---------------------+---------+------+---------+---------+-----+

+ Detail: 
    * Instance: 
    +------------------------------------+--------------------------------+---------+----+------+------+-----+
    |              Instance              |             Module             | BRAM_18K| DSP|  FF  |  LUT | URAM|
    +------------------------------------+--------------------------------+---------+----+------+------+-----+
    |aximm1_m_axi_U                      |aximm1_m_axi                    |       30|   0|  1415|  1585|    0|
    |aximm2_m_axi_U                      |aximm2_m_axi                    |       30|   0|  1415|  1585|    0|
    |control_s_axi_U                     |control_s_axi                   |        0|   0|   246|   424|    0|
    |fadd_32ns_32ns_32_4_full_dsp_1_U1   |fadd_32ns_32ns_32_4_full_dsp_1  |        0|   2|   231|   225|    0|
    |fadd_32ns_32ns_32_4_full_dsp_1_U2   |fadd_32ns_32ns_32_4_full_dsp_1  |        0|   2|   231|   225|    0|
    |fadd_32ns_32ns_32_4_full_dsp_1_U3   |fadd_32ns_32ns_32_4_full_dsp_1  |        0|   2|   231|   225|    0|
    |fadd_32ns_32ns_32_4_full_dsp_1_U4   |fadd_32ns_32ns_32_4_full_dsp_1  |        0|   2|   231|   225|    0|
    |fadd_32ns_32ns_32_4_full_dsp_1_U5   |fadd_32ns_32ns_32_4_full_dsp_1  |        0|   2|   231|   225|    0|
    |fadd_32ns_32ns_32_4_full_dsp_1_U6   |fadd_32ns_32ns_32_4_full_dsp_1  |        0|   2|   231|   225|    0|
    |fadd_32ns_32ns_32_4_full_dsp_1_U7   |fadd_32ns_32ns_32_4_full_dsp_1  |        0|   2|   231|   225|    0|
    |fadd_32ns_32ns_32_4_full_dsp_1_U8   |fadd_32ns_32ns_32_4_full_dsp_1  |        0|   2|   231|   225|    0|
    |fadd_32ns_32ns_32_4_full_dsp_1_U9   |fadd_32ns_32ns_32_4_full_dsp_1  |        0|   2|   231|   225|    0|
    |fadd_32ns_32ns_32_4_full_dsp_1_U10  |fadd_32ns_32ns_32_4_full_dsp_1  |        0|   2|   231|   225|    0|
    |fadd_32ns_32ns_32_4_full_dsp_1_U11  |fadd_32ns_32ns_32_4_full_dsp_1  |        0|   2|   231|   225|    0|
    |fadd_32ns_32ns_32_4_full_dsp_1_U12  |fadd_32ns_32ns_32_4_full_dsp_1  |        0|   2|   231|   225|    0|
    |fadd_32ns_32ns_32_4_full_dsp_1_U13  |fadd_32ns_32ns_32_4_full_dsp_1  |        0|   2|   231|   225|    0|
    |fadd_32ns_32ns_32_4_full_dsp_1_U14  |fadd_32ns_32ns_32_4_full_dsp_1  |        0|   2|   231|   225|    0|
    |fadd_32ns_32ns_32_4_full_dsp_1_U15  |fadd_32ns_32ns_32_4_full_dsp_1  |        0|   2|   231|   225|    0|
    |fadd_32ns_32ns_32_4_full_dsp_1_U16  |fadd_32ns_32ns_32_4_full_dsp_1  |        0|   2|   231|   225|    0|
    |fadd_32ns_32ns_32_4_full_dsp_1_U17  |fadd_32ns_32ns_32_4_full_dsp_1  |        0|   2|   231|   225|    0|
    |fadd_32ns_32ns_32_4_full_dsp_1_U18  |fadd_32ns_32ns_32_4_full_dsp_1  |        0|   2|   231|   225|    0|
    |fadd_32ns_32ns_32_4_full_dsp_1_U19  |fadd_32ns_32ns_32_4_full_dsp_1  |        0|   2|   231|   225|    0|
    |fadd_32ns_32ns_32_4_full_dsp_1_U20  |fadd_32ns_32ns_32_4_full_dsp_1  |        0|   2|   231|   225|    0|
    |fadd_32ns_32ns_32_4_full_dsp_1_U21  |fadd_32ns_32ns_32_4_full_dsp_1  |        0|   2|   231|   225|    0|
    |fmul_32ns_32ns_32_2_max_dsp_1_U22   |fmul_32ns_32ns_32_2_max_dsp_1   |        0|   3|   128|    77|    0|
    |fmul_32ns_32ns_32_2_max_dsp_1_U23   |fmul_32ns_32ns_32_2_max_dsp_1   |        0|   3|   128|    77|    0|
    |fmul_32ns_32ns_32_2_max_dsp_1_U24   |fmul_32ns_32ns_32_2_max_dsp_1   |        0|   3|   128|    77|    0|
    |fmul_32ns_32ns_32_2_max_dsp_1_U25   |fmul_32ns_32ns_32_2_max_dsp_1   |        0|   3|   128|    77|    0|
    |fmul_32ns_32ns_32_2_max_dsp_1_U26   |fmul_32ns_32ns_32_2_max_dsp_1   |        0|   3|   128|    77|    0|
    |fmul_32ns_32ns_32_2_max_dsp_1_U27   |fmul_32ns_32ns_32_2_max_dsp_1   |        0|   3|   128|    77|    0|
    |fmul_32ns_32ns_32_2_max_dsp_1_U28   |fmul_32ns_32ns_32_2_max_dsp_1   |        0|   3|   128|    77|    0|
    |fmul_32ns_32ns_32_2_max_dsp_1_U29   |fmul_32ns_32ns_32_2_max_dsp_1   |        0|   3|   128|    77|    0|
    |fmul_32ns_32ns_32_2_max_dsp_1_U30   |fmul_32ns_32ns_32_2_max_dsp_1   |        0|   3|   128|    77|    0|
    |fmul_32ns_32ns_32_2_max_dsp_1_U31   |fmul_32ns_32ns_32_2_max_dsp_1   |        0|   3|   128|    77|    0|
    |fmul_32ns_32ns_32_2_max_dsp_1_U32   |fmul_32ns_32ns_32_2_max_dsp_1   |        0|   3|   128|    77|    0|
    |fmul_32ns_32ns_32_2_max_dsp_1_U33   |fmul_32ns_32ns_32_2_max_dsp_1   |        0|   3|   128|    77|    0|
    |fmul_32ns_32ns_32_2_max_dsp_1_U34   |fmul_32ns_32ns_32_2_max_dsp_1   |        0|   3|   128|    77|    0|
    |fmul_32ns_32ns_32_2_max_dsp_1_U35   |fmul_32ns_32ns_32_2_max_dsp_1   |        0|   3|   128|    77|    0|
    |fmul_32ns_32ns_32_2_max_dsp_1_U36   |fmul_32ns_32ns_32_2_max_dsp_1   |        0|   3|   128|    77|    0|
    |fmul_32ns_32ns_32_2_max_dsp_1_U37   |fmul_32ns_32ns_32_2_max_dsp_1   |        0|   3|   128|    77|    0|
    |fmul_32ns_32ns_32_2_max_dsp_1_U38   |fmul_32ns_32ns_32_2_max_dsp_1   |        0|   3|   128|    77|    0|
    |fmul_32ns_32ns_32_2_max_dsp_1_U39   |fmul_32ns_32ns_32_2_max_dsp_1   |        0|   3|   128|    77|    0|
    |fmul_32ns_32ns_32_2_max_dsp_1_U40   |fmul_32ns_32ns_32_2_max_dsp_1   |        0|   3|   128|    77|    0|
    |fmul_32ns_32ns_32_2_max_dsp_1_U41   |fmul_32ns_32ns_32_2_max_dsp_1   |        0|   3|   128|    77|    0|
    |fmul_32ns_32ns_32_2_max_dsp_1_U42   |fmul_32ns_32ns_32_2_max_dsp_1   |        0|   3|   128|    77|    0|
    |fmul_32ns_32ns_32_2_max_dsp_1_U43   |fmul_32ns_32ns_32_2_max_dsp_1   |        0|   3|   128|    77|    0|
    |mul_10ns_8ns_17_1_1_U46             |mul_10ns_8ns_17_1_1             |        0|   0|     0|    62|    0|
    |mul_10ns_8ns_17_1_1_U47             |mul_10ns_8ns_17_1_1             |        0|   0|     0|    62|    0|
    |mul_10ns_8ns_17_1_1_U48             |mul_10ns_8ns_17_1_1             |        0|   0|     0|    62|    0|
    |mul_10ns_8ns_17_1_1_U49             |mul_10ns_8ns_17_1_1             |        0|   0|     0|    62|    0|
    |mul_10ns_8ns_17_1_1_U50             |mul_10ns_8ns_17_1_1             |        0|   0|     0|    62|    0|
    |mul_10ns_8ns_17_1_1_U52             |mul_10ns_8ns_17_1_1             |        0|   0|     0|    62|    0|
    |mul_10ns_8ns_17_1_1_U53             |mul_10ns_8ns_17_1_1             |        0|   0|     0|    62|    0|
    |mul_10ns_8ns_17_1_1_U54             |mul_10ns_8ns_17_1_1             |        0|   0|     0|    62|    0|
    |mul_10ns_8ns_17_1_1_U55             |mul_10ns_8ns_17_1_1             |        0|   0|     0|    62|    0|
    |mul_10ns_8ns_17_1_1_U57             |mul_10ns_8ns_17_1_1             |        0|   0|     0|    62|    0|
    |mul_10ns_8ns_17_1_1_U58             |mul_10ns_8ns_17_1_1             |        0|   0|     0|    62|    0|
    |mul_10ns_8ns_17_1_1_U59             |mul_10ns_8ns_17_1_1             |        0|   0|     0|    62|    0|
    |mul_10ns_8ns_17_1_1_U60             |mul_10ns_8ns_17_1_1             |        0|   0|     0|    62|    0|
    |mul_8ns_10ns_17_1_1_U51             |mul_8ns_10ns_17_1_1             |        0|   0|     0|    62|    0|
    |mul_8ns_10ns_17_1_1_U56             |mul_8ns_10ns_17_1_1             |        0|   0|     0|    62|    0|
    |mul_8ns_6ns_13_1_1_U44              |mul_8ns_6ns_13_1_1              |        0|   0|     0|    40|    0|
    |urem_6ns_5ns_6_10_seq_1_U45         |urem_6ns_5ns_6_10_seq_1         |        0|   0|     0|     0|    0|
    +------------------------------------+--------------------------------+---------+----+------+------+-----+
    |Total                               |                                |       60| 108| 10743| 10983|    0|
    +------------------------------------+--------------------------------+---------+----+------+------+-----+

    * DSP: 
    N/A

    * Memory: 
    +------------+----------+---------+---+----+-----+------+-----+------+-------------+
    |   Memory   |  Module  | BRAM_18K| FF| LUT| URAM| Words| Bits| Banks| W*Bits*Banks|
    +------------+----------+---------+---+----+-----+------+-----+------+-------------+
    |Buffer_1_U  |Buffer_1  |       22|  0|   0|    0|   384|  384|     1|       147456|
    |Buffer_2_U  |Buffer_2  |       22|  0|   0|    0|   384|  384|     1|       147456|
    +------------+----------+---------+---+----+-----+------+-----+------+-------------+
    |Total       |          |       44|  0|   0|    0|   768|  768|     2|       294912|
    +------------+----------+---------+---+----+-----+------+-----+------+-------------+

    * FIFO: 
    N/A

    * Expression: 
    +---------------------------+----------+----+---+------+------------+------------+
    |       Variable Name       | Operation| DSP| FF|  LUT | Bitwidth P0| Bitwidth P1|
    +---------------------------+----------+----+---+------+------------+------------+
    |add_ln24_fu_1708_p2        |     +    |   0|  0|    15|           1|           7|
    |add_ln25_1_fu_2819_p2      |     +    |   0|  0|    23|           3|           9|
    |add_ln25_2_fu_3213_p2      |     +    |   0|  0|    23|           3|           9|
    |add_ln25_3_fu_3278_p2      |     +    |   0|  0|    23|           3|           9|
    |add_ln25_4_fu_3349_p2      |     +    |   0|  0|    23|           4|           9|
    |add_ln25_5_fu_3597_p2      |     +    |   0|  0|    23|           4|           9|
    |add_ln25_6_fu_3991_p2      |     +    |   0|  0|    23|           4|           9|
    |add_ln25_7_fu_4056_p2      |     +    |   0|  0|    23|           4|           9|
    |add_ln25_8_fu_3477_p2      |     +    |   0|  0|    16|           4|           9|
    |add_ln25_fu_2561_p2        |     +    |   0|  0|    16|           3|           9|
    |add_ln26_10_fu_1881_p2     |     +    |   0|  0|    16|           9|           9|
    |add_ln26_11_fu_1830_p2     |     +    |   0|  0|    16|           9|           9|
    |add_ln26_12_fu_2076_p2     |     +    |   0|  0|    16|           9|           9|
    |add_ln26_13_fu_2470_p2     |     +    |   0|  0|    16|           9|           9|
    |add_ln26_14_fu_2535_p2     |     +    |   0|  0|    16|           9|           9|
    |add_ln26_15_fu_2680_p2     |     +    |   0|  0|    16|           9|           9|
    |add_ln26_16_fu_2627_p2     |     +    |   0|  0|    16|           9|           9|
    |add_ln26_17_fu_2864_p2     |     +    |   0|  0|    16|           9|           9|
    |add_ln26_18_fu_3258_p2     |     +    |   0|  0|    16|           9|           9|
    |add_ln26_19_fu_3323_p2     |     +    |   0|  0|    16|           9|           9|
    |add_ln26_1_fu_2598_p2      |     +    |   0|  0|    15|           8|           3|
    |add_ln26_20_fu_3457_p2     |     +    |   0|  0|    16|           9|           9|
    |add_ln26_21_fu_3408_p2     |     +    |   0|  0|    16|           9|           9|
    |add_ln26_22_fu_3642_p2     |     +    |   0|  0|    16|           9|           9|
    |add_ln26_23_fu_4036_p2     |     +    |   0|  0|    16|           9|           9|
    |add_ln26_24_fu_4101_p2     |     +    |   0|  0|    16|           9|           9|
    |add_ln26_2_fu_2835_p2      |     +    |   0|  0|    15|           3|           8|
    |add_ln26_3_fu_3229_p2      |     +    |   0|  0|    15|           3|           8|
    |add_ln26_4_fu_3294_p2      |     +    |   0|  0|    15|           3|           8|
    |add_ln26_5_fu_3428_p2      |     +    |   0|  0|    15|           4|           8|
    |add_ln26_6_fu_3379_p2      |     +    |   0|  0|    15|           8|           4|
    |add_ln26_7_fu_3613_p2      |     +    |   0|  0|    15|           4|           8|
    |add_ln26_8_fu_4007_p2      |     +    |   0|  0|    15|           4|           8|
    |add_ln26_9_fu_4072_p2      |     +    |   0|  0|    15|           4|           8|
    |add_ln26_fu_2651_p2        |     +    |   0|  0|    15|           3|           8|
    |add_ln27_10_fu_3997_p2     |     +    |   0|  0|    23|           9|           9|
    |add_ln27_11_fu_4062_p2     |     +    |   0|  0|    23|           9|           9|
    |add_ln27_1_fu_2036_p2      |     +    |   0|  0|    16|           9|           9|
    |add_ln27_2_fu_2431_p2      |     +    |   0|  0|    16|           9|           9|
    |add_ln27_3_fu_2496_p2      |     +    |   0|  0|    16|           9|           9|
    |add_ln27_4_fu_2567_p2      |     +    |   0|  0|    16|           9|           9|
    |add_ln27_5_fu_2825_p2      |     +    |   0|  0|    23|           9|           9|
    |add_ln27_6_fu_3219_p2      |     +    |   0|  0|    23|           9|           9|
    |add_ln27_7_fu_3284_p2      |     +    |   0|  0|    23|           9|           9|
    |add_ln27_8_fu_3355_p2      |     +    |   0|  0|    23|           9|           9|
    |add_ln27_9_fu_3603_p2      |     +    |   0|  0|    23|           9|           9|
    |add_ln27_fu_1792_p2        |     +    |   0|  0|    16|           9|           9|
    |add_ln30_1_fu_4134_p2      |     +    |   0|  0|    20|          13|           1|
    |add_ln30_fu_4140_p2        |     +    |   0|  0|    15|           1|           7|
    |add_ln31_fu_4572_p2        |     +    |   0|  0|    15|           7|           1|
    |add_ln45_1_fu_4254_p2      |     +    |   0|  0|    16|           2|           9|
    |add_ln45_2_fu_4302_p2      |     +    |   0|  0|    16|           3|           9|
    |add_ln45_3_fu_4312_p2      |     +    |   0|  0|    16|           3|           9|
    |add_ln45_4_fu_4223_p2      |     +    |   0|  0|    15|           7|           8|
    |add_ln45_5_fu_4275_p2      |     +    |   0|  0|    16|           8|           9|
    |add_ln45_6_fu_4330_p2      |     +    |   0|  0|    16|           9|           9|
    |add_ln45_fu_4244_p2        |     +    |   0|  0|    16|           2|           9|
    |grp_fu_1001_p2             |     -    |   0|  0|    16|           9|           9|
    |grp_fu_1010_p2             |     -    |   0|  0|    16|           9|           9|
    |grp_fu_1019_p2             |     -    |   0|  0|    16|           9|           9|
    |grp_fu_992_p2              |     -    |   0|  0|    16|           9|           9|
    |sub_ln26_fu_1696_p2        |     -    |   0|  0|    16|           9|           9|
    |sub_ln27_11_fu_2928_p2     |     -    |   0|  0|    16|           9|           9|
    |sub_ln27_13_fu_3038_p2     |     -    |   0|  0|    16|           9|           9|
    |sub_ln27_15_fu_3147_p2     |     -    |   0|  0|    16|           9|           9|
    |sub_ln27_17_fu_3530_p2     |     -    |   0|  0|    16|           9|           9|
    |sub_ln27_19_fu_3706_p2     |     -    |   0|  0|    16|           9|           9|
    |sub_ln27_1_fu_1942_p2      |     -    |   0|  0|    16|           9|           9|
    |sub_ln27_21_fu_3816_p2     |     -    |   0|  0|    16|           9|           9|
    |sub_ln27_23_fu_3925_p2     |     -    |   0|  0|    16|           9|           9|
    |sub_ln27_3_fu_2140_p2      |     -    |   0|  0|    16|           9|           9|
    |sub_ln27_5_fu_2250_p2      |     -    |   0|  0|    16|           9|           9|
    |sub_ln27_7_fu_2359_p2      |     -    |   0|  0|    16|           9|           9|
    |sub_ln27_9_fu_2752_p2      |     -    |   0|  0|    16|           9|           9|
    |sub_ln45_fu_4192_p2        |     -    |   0|  0|    16|           9|           9|
    |and_ln27_10_fu_2982_p2     |    and   |   0|  0|   384|         384|         384|
    |and_ln27_11_fu_2988_p2     |    and   |   0|  0|   384|         384|         384|
    |and_ln27_12_fu_3092_p2     |    and   |   0|  0|   384|         384|         384|
    |and_ln27_13_fu_3098_p2     |    and   |   0|  0|   384|         384|         384|
    |and_ln27_14_fu_3201_p2     |    and   |   0|  0|   384|         384|         384|
    |and_ln27_15_fu_3207_p2     |    and   |   0|  0|   384|         384|         384|
    |and_ln27_16_fu_3584_p2     |    and   |   0|  0|   384|         384|         384|
    |and_ln27_17_fu_3590_p2     |    and   |   0|  0|   384|         384|         384|
    |and_ln27_18_fu_3760_p2     |    and   |   0|  0|   384|         384|         384|
    |and_ln27_19_fu_3766_p2     |    and   |   0|  0|   384|         384|         384|
    |and_ln27_1_fu_2002_p2      |    and   |   0|  0|   384|         384|         384|
    |and_ln27_20_fu_3870_p2     |    and   |   0|  0|   384|         384|         384|
    |and_ln27_21_fu_3876_p2     |    and   |   0|  0|   384|         384|         384|
    |and_ln27_22_fu_3979_p2     |    and   |   0|  0|   384|         384|         384|
    |and_ln27_23_fu_3985_p2     |    and   |   0|  0|   384|         384|         384|
    |and_ln27_2_fu_2194_p2      |    and   |   0|  0|   384|         384|         384|
    |and_ln27_3_fu_2200_p2      |    and   |   0|  0|   384|         384|         384|
    |and_ln27_4_fu_2304_p2      |    and   |   0|  0|   384|         384|         384|
    |and_ln27_5_fu_2310_p2      |    and   |   0|  0|   384|         384|         384|
    |and_ln27_6_fu_2413_p2      |    and   |   0|  0|   384|         384|         384|
    |and_ln27_7_fu_2419_p2      |    and   |   0|  0|   384|         384|         384|
    |and_ln27_8_fu_2806_p2      |    and   |   0|  0|   384|         384|         384|
    |and_ln27_9_fu_2812_p2      |    and   |   0|  0|   384|         384|         384|
    |and_ln27_fu_1996_p2        |    and   |   0|  0|   384|         384|         384|
    |ap_block_pp0_stage0_11001  |    and   |   0|  0|     2|           1|           1|
    |ap_block_state129_io       |    and   |   0|  0|     2|           1|           1|
    |grp_fu_1006_p2             |   icmp   |   0|  0|    13|           9|           9|
    |grp_fu_1015_p2             |   icmp   |   0|  0|    13|           9|           9|
    |grp_fu_988_p2              |   icmp   |   0|  0|    13|           9|           9|
    |grp_fu_997_p2              |   icmp   |   0|  0|    13|           9|           9|
    |icmp_ln24_fu_1702_p2       |   icmp   |   0|  0|    11|           7|           8|
    |icmp_ln25_fu_2577_p2       |   icmp   |   0|  0|    13|           9|           7|
    |icmp_ln26_1_fu_2583_p2     |   icmp   |   0|  0|     9|           4|           4|
    |icmp_ln26_2_fu_2700_p2     |   icmp   |   0|  0|    11|           4|           5|
    |icmp_ln26_fu_1778_p2       |   icmp   |   0|  0|     9|           4|           1|
    |icmp_ln30_fu_4128_p2       |   icmp   |   0|  0|    13|          13|          14|
    |icmp_ln31_fu_4146_p2       |   icmp   |   0|  0|    11|           7|           8|
    |icmp_ln49_fu_4238_p2       |   icmp   |   0|  0|     9|           4|           2|
    |lshr_ln27_10_fu_3578_p2    |   lshr   |   0|  0|  1659|           2|         384|
    |lshr_ln27_11_fu_3754_p2    |   lshr   |   0|  0|  1659|           2|         384|
    |lshr_ln27_12_fu_3864_p2    |   lshr   |   0|  0|  1659|           2|         384|
    |lshr_ln27_13_fu_3973_p2    |   lshr   |   0|  0|  1659|           2|         384|
    |lshr_ln27_1_fu_2188_p2     |   lshr   |   0|  0|  1659|           2|         384|
    |lshr_ln27_2_fu_2298_p2     |   lshr   |   0|  0|  1659|           2|         384|
    |lshr_ln27_4_fu_2407_p2     |   lshr   |   0|  0|  1659|           2|         384|
    |lshr_ln27_5_fu_2800_p2     |   lshr   |   0|  0|  1659|           2|         384|
    |lshr_ln27_6_fu_2976_p2     |   lshr   |   0|  0|  1659|           2|         384|
    |lshr_ln27_8_fu_3086_p2     |   lshr   |   0|  0|  1659|           2|         384|
    |lshr_ln27_9_fu_3195_p2     |   lshr   |   0|  0|  1659|           2|         384|
    |lshr_ln27_fu_1990_p2       |   lshr   |   0|  0|  1659|           2|         384|
    |ap_block_state1            |    or    |   0|  0|     2|           1|           1|
    |ap_block_state2_io         |    or    |   0|  0|     2|           1|           1|
    |ap_block_state83           |    or    |   0|  0|     2|           1|           1|
    |ap_block_state89           |    or    |   0|  0|     2|           1|           1|
    |ap_block_state93           |    or    |   0|  0|     2|           1|           1|
    |empty_33_fu_1768_p2        |    or    |   0|  0|     9|           9|           5|
    |or_ln25_1_fu_2425_p2       |    or    |   0|  0|     9|           9|           2|
    |or_ln25_2_fu_2490_p2       |    or    |   0|  0|     9|           9|           2|
    |or_ln25_fu_2030_p2         |    or    |   0|  0|     9|           9|           1|
    |or_ln26_1_fu_2441_p2       |    or    |   0|  0|     8|           8|           2|
    |or_ln26_2_fu_2506_p2       |    or    |   0|  0|     8|           8|           2|
    |or_ln26_fu_2046_p2         |    or    |   0|  0|     8|           8|           1|
    |or_ln45_fu_4203_p2         |    or    |   0|  0|     9|           9|           1|
    |select_ln27_10_fu_2243_p3  |  select  |   0|  0|     9|           1|           9|
    |select_ln27_11_fu_2284_p3  |  select  |   0|  0|   331|           1|         384|
    |select_ln27_12_fu_2340_p3  |  select  |   0|  0|     9|           1|           9|
    |select_ln27_13_fu_2346_p3  |  select  |   0|  0|     9|           1|           9|
    |select_ln27_14_fu_2352_p3  |  select  |   0|  0|     9|           1|           9|
    |select_ln27_15_fu_2393_p3  |  select  |   0|  0|   331|           1|         384|
    |select_ln27_16_fu_2733_p3  |  select  |   0|  0|     9|           1|           9|
    |select_ln27_17_fu_2739_p3  |  select  |   0|  0|     9|           1|           9|
    |select_ln27_18_fu_2745_p3  |  select  |   0|  0|     9|           1|           9|
    |select_ln27_19_fu_2786_p3  |  select  |   0|  0|   331|           1|         384|
    |select_ln27_1_fu_1929_p3   |  select  |   0|  0|     9|           1|           9|
    |select_ln27_20_fu_2909_p3  |  select  |   0|  0|     9|           1|           9|
    |select_ln27_21_fu_2915_p3  |  select  |   0|  0|     9|           1|           9|
    |select_ln27_22_fu_2921_p3  |  select  |   0|  0|     9|           1|           9|
    |select_ln27_23_fu_2962_p3  |  select  |   0|  0|   331|           1|         384|
    |select_ln27_24_fu_3019_p3  |  select  |   0|  0|     9|           1|           9|
    |select_ln27_25_fu_3025_p3  |  select  |   0|  0|     9|           1|           9|
    |select_ln27_26_fu_3031_p3  |  select  |   0|  0|     9|           1|           9|
    |select_ln27_27_fu_3072_p3  |  select  |   0|  0|   331|           1|         384|
    |select_ln27_28_fu_3128_p3  |  select  |   0|  0|     9|           1|           9|
    |select_ln27_29_fu_3134_p3  |  select  |   0|  0|     9|           1|           9|
    |select_ln27_2_fu_1935_p3   |  select  |   0|  0|     9|           1|           9|
    |select_ln27_30_fu_3140_p3  |  select  |   0|  0|     9|           1|           9|
    |select_ln27_31_fu_3181_p3  |  select  |   0|  0|   331|           1|         384|
    |select_ln27_32_fu_3511_p3  |  select  |   0|  0|     9|           1|           9|
    |select_ln27_33_fu_3517_p3  |  select  |   0|  0|     9|           1|           9|
    |select_ln27_34_fu_3523_p3  |  select  |   0|  0|     9|           1|           9|
    |select_ln27_35_fu_3564_p3  |  select  |   0|  0|   331|           1|         384|
    |select_ln27_36_fu_3687_p3  |  select  |   0|  0|     9|           1|           9|
    |select_ln27_37_fu_3693_p3  |  select  |   0|  0|     9|           1|           9|
    |select_ln27_38_fu_3699_p3  |  select  |   0|  0|     9|           1|           9|
    |select_ln27_39_fu_3740_p3  |  select  |   0|  0|   331|           1|         384|
    |select_ln27_3_fu_1976_p3   |  select  |   0|  0|   331|           1|         384|
    |select_ln27_40_fu_3797_p3  |  select  |   0|  0|     9|           1|           9|
    |select_ln27_41_fu_3803_p3  |  select  |   0|  0|     9|           1|           9|
    |select_ln27_42_fu_3809_p3  |  select  |   0|  0|     9|           1|           9|
    |select_ln27_43_fu_3850_p3  |  select  |   0|  0|   331|           1|         384|
    |select_ln27_44_fu_3906_p3  |  select  |   0|  0|     9|           1|           9|
    |select_ln27_45_fu_3912_p3  |  select  |   0|  0|     9|           1|           9|
    |select_ln27_46_fu_3918_p3  |  select  |   0|  0|     9|           1|           9|
    |select_ln27_47_fu_3959_p3  |  select  |   0|  0|   331|           1|         384|
    |select_ln27_4_fu_2121_p3   |  select  |   0|  0|     9|           1|           9|
    |select_ln27_5_fu_2127_p3   |  select  |   0|  0|     9|           1|           9|
    |select_ln27_6_fu_2133_p3   |  select  |   0|  0|     9|           1|           9|
    |select_ln27_7_fu_2174_p3   |  select  |   0|  0|   331|           1|         384|
    |select_ln27_8_fu_2231_p3   |  select  |   0|  0|     9|           1|           9|
    |select_ln27_9_fu_2237_p3   |  select  |   0|  0|     9|           1|           9|
    |select_ln27_fu_1923_p3     |  select  |   0|  0|     9|           1|           9|
    |select_ln30_1_fu_4999_p3   |  select  |   0|  0|   428|           1|           1|
    |select_ln30_2_fu_4160_p3   |  select  |   0|  0|     7|           1|           7|
    |select_ln30_fu_4152_p3     |  select  |   0|  0|     7|           1|           1|
    |select_ln49_fu_5034_p3     |  select  |   0|  0|   428|           1|           1|
    |shl_ln27_10_fu_2770_p2     |    shl   |   0|  0|  1659|         384|         384|
    |shl_ln27_11_fu_2794_p2     |    shl   |   0|  0|  1659|           2|         384|
    |shl_ln27_12_fu_2946_p2     |    shl   |   0|  0|  1659|         384|         384|
    |shl_ln27_13_fu_2970_p2     |    shl   |   0|  0|  1659|           2|         384|
    |shl_ln27_14_fu_3056_p2     |    shl   |   0|  0|  1659|         384|         384|
    |shl_ln27_15_fu_3080_p2     |    shl   |   0|  0|  1659|           2|         384|
    |shl_ln27_16_fu_3165_p2     |    shl   |   0|  0|  1659|         384|         384|
    |shl_ln27_17_fu_3189_p2     |    shl   |   0|  0|  1659|           2|         384|
    |shl_ln27_18_fu_3548_p2     |    shl   |   0|  0|  1659|         384|         384|
    |shl_ln27_19_fu_3572_p2     |    shl   |   0|  0|  1659|           2|         384|
    |shl_ln27_1_fu_1984_p2      |    shl   |   0|  0|  1659|           2|         384|
    |shl_ln27_20_fu_3724_p2     |    shl   |   0|  0|  1659|         384|         384|
    |shl_ln27_21_fu_3748_p2     |    shl   |   0|  0|  1659|           2|         384|
    |shl_ln27_22_fu_3834_p2     |    shl   |   0|  0|  1659|         384|         384|
    |shl_ln27_23_fu_3858_p2     |    shl   |   0|  0|  1659|           2|         384|
    |shl_ln27_24_fu_3943_p2     |    shl   |   0|  0|  1659|         384|         384|
    |shl_ln27_25_fu_3967_p2     |    shl   |   0|  0|  1659|           2|         384|
    |shl_ln27_3_fu_2018_p2      |    shl   |   0|  0|   150|           4|          48|
    |shl_ln27_4_fu_2158_p2      |    shl   |   0|  0|  1659|         384|         384|
    |shl_ln27_5_fu_2182_p2      |    shl   |   0|  0|  1659|           2|         384|
    |shl_ln27_6_fu_2268_p2      |    shl   |   0|  0|  1659|         384|         384|
    |shl_ln27_7_fu_2292_p2      |    shl   |   0|  0|  1659|           2|         384|
    |shl_ln27_8_fu_2377_p2      |    shl   |   0|  0|  1659|         384|         384|
    |shl_ln27_9_fu_2401_p2      |    shl   |   0|  0|  1659|           2|         384|
    |shl_ln27_fu_1960_p2        |    shl   |   0|  0|  1659|         384|         384|
    |ap_enable_pp0              |    xor   |   0|  0|     2|           1|           2|
    +---------------------------+----------+----+---+------+------------+------------+
    |Total                      |          |   0|  0| 75767|       14630|       28775|
    +---------------------------+----------+----+---+------+------------+------------+

    * Multiplexer: 
    +-----------------------------------------+-----+-----------+-----+-----------+
    |                   Name                  | LUT | Input Size| Bits| Total Bits|
    +-----------------------------------------+-----+-----------+-----+-----------+
    |Buffer_1_address0                        |   93|         19|    9|        171|
    |Buffer_1_address1                        |   21|          4|    9|         36|
    |Buffer_1_d0                              |   65|         16|  384|       6144|
    |Buffer_1_we0                             |   56|         13|   48|        624|
    |Buffer_2_address0                        |   47|         10|    9|         90|
    |Buffer_2_address1                        |   47|         10|    9|         90|
    |Buffer_2_d0                              |   38|          7|  384|       2688|
    |Buffer_2_d1                              |   38|          7|  384|       2688|
    |Buffer_2_we0                             |   15|          3|   48|        144|
    |Buffer_2_we1                             |   15|          3|   48|        144|
    |ap_NS_fsm                                |  745|        170|    1|        170|
    |ap_done                                  |    9|          2|    1|          2|
    |ap_enable_reg_pp0_iter10                 |    9|          2|    1|          2|
    |ap_phi_mux_i_1_phi_fu_786_p4             |    9|          2|    7|         14|
    |ap_phi_mux_indvar_flatten_phi_fu_775_p4  |    9|          2|   13|         26|
    |ap_phi_mux_j_phi_fu_797_p4               |    9|          2|    7|         14|
    |ap_phi_mux_phi_ln49_phi_fu_808_p4        |    9|          2|  480|        960|
    |aximm1_blk_n_AR                          |    9|          2|    1|          2|
    |aximm1_blk_n_AW                          |    9|          2|    1|          2|
    |aximm1_blk_n_B                           |    9|          2|    1|          2|
    |aximm1_blk_n_R                           |    9|          2|    1|          2|
    |aximm1_blk_n_W                           |    9|          2|    1|          2|
    |aximm2_blk_n_AR                          |    9|          2|    1|          2|
    |aximm2_blk_n_R                           |    9|          2|    1|          2|
    |empty_36_reg_725                         |    9|          2|  512|       1024|
    |empty_37_reg_744                         |    9|          2|  512|       1024|
    |empty_38_reg_762                         |    9|          2|  512|       1024|
    |grp_fu_816_p0                            |   21|          4|   32|        128|
    |grp_fu_816_p1                            |   21|          4|   32|        128|
    |grp_fu_820_p0                            |   21|          4|   32|        128|
    |grp_fu_820_p1                            |   21|          4|   32|        128|
    |grp_fu_824_p0                            |   21|          4|   32|        128|
    |grp_fu_824_p1                            |   21|          4|   32|        128|
    |grp_fu_828_p0                            |   21|          4|   32|        128|
    |grp_fu_828_p1                            |   21|          4|   32|        128|
    |grp_fu_832_p0                            |   21|          4|   32|        128|
    |grp_fu_832_p1                            |   21|          4|   32|        128|
    |grp_fu_836_p0                            |   21|          4|   32|        128|
    |grp_fu_836_p1                            |   21|          4|   32|        128|
    |grp_fu_840_p0                            |   21|          4|   32|        128|
    |grp_fu_840_p1                            |   21|          4|   32|        128|
    |grp_fu_844_p0                            |   21|          4|   32|        128|
    |grp_fu_844_p1                            |   21|          4|   32|        128|
    |grp_fu_848_p0                            |   21|          4|   32|        128|
    |grp_fu_848_p1                            |   21|          4|   32|        128|
    |grp_fu_852_p0                            |   21|          4|   32|        128|
    |grp_fu_852_p1                            |   21|          4|   32|        128|
    |grp_fu_856_p0                            |   21|          4|   32|        128|
    |grp_fu_856_p1                            |   21|          4|   32|        128|
    |grp_fu_860_p0                            |   21|          4|   32|        128|
    |grp_fu_860_p1                            |   21|          4|   32|        128|
    |grp_fu_864_p0                            |   21|          4|   32|        128|
    |grp_fu_864_p1                            |   21|          4|   32|        128|
    |grp_fu_868_p0                            |   21|          4|   32|        128|
    |grp_fu_868_p1                            |   21|          4|   32|        128|
    |grp_fu_872_p0                            |   21|          4|   32|        128|
    |grp_fu_872_p1                            |   21|          4|   32|        128|
    |grp_fu_876_p0                            |   21|          4|   32|        128|
    |grp_fu_876_p1                            |   21|          4|   32|        128|
    |grp_fu_880_p0                            |   21|          4|   32|        128|
    |grp_fu_880_p1                            |   21|          4|   32|        128|
    |grp_fu_884_p0                            |   21|          4|   32|        128|
    |grp_fu_884_p1                            |   21|          4|   32|        128|
    |grp_fu_888_p0                            |   21|          4|   32|        128|
    |grp_fu_888_p1                            |   21|          4|   32|        128|
    |grp_fu_892_p0                            |   21|          4|   32|        128|
    |grp_fu_892_p1                            |   21|          4|   32|        128|
    |grp_fu_896_p0                            |   21|          4|   32|        128|
    |grp_fu_896_p1                            |   21|          4|   32|        128|
    |grp_fu_900_p0                            |   21|          4|   32|        128|
    |grp_fu_900_p1                            |   21|          4|   32|        128|
    |grp_fu_904_p0                            |   21|          4|   32|        128|
    |grp_fu_904_p1                            |   21|          4|   32|        128|
    |grp_fu_908_p0                            |   21|          4|   32|        128|
    |grp_fu_908_p1                            |   21|          4|   32|        128|
    |grp_fu_912_p0                            |   21|          4|   32|        128|
    |grp_fu_912_p1                            |   21|          4|   32|        128|
    |grp_fu_916_p0                            |   21|          4|   32|        128|
    |grp_fu_916_p1                            |   21|          4|   32|        128|
    |grp_fu_920_p0                            |   21|          4|   32|        128|
    |grp_fu_920_p1                            |   21|          4|   32|        128|
    |grp_fu_924_p0                            |   21|          4|   32|        128|
    |grp_fu_924_p1                            |   21|          4|   32|        128|
    |grp_fu_928_p0                            |   21|          4|   32|        128|
    |grp_fu_928_p1                            |   21|          4|   32|        128|
    |grp_fu_932_p0                            |   21|          4|   32|        128|
    |grp_fu_932_p1                            |   21|          4|   32|        128|
    |grp_fu_936_p0                            |   21|          4|   32|        128|
    |grp_fu_936_p1                            |   21|          4|   32|        128|
    |grp_fu_940_p0                            |   21|          4|   32|        128|
    |grp_fu_940_p1                            |   21|          4|   32|        128|
    |grp_fu_944_p0                            |   21|          4|   32|        128|
    |grp_fu_944_p1                            |   21|          4|   32|        128|
    |grp_fu_948_p0                            |   21|          4|   32|        128|
    |grp_fu_948_p1                            |   21|          4|   32|        128|
    |grp_fu_952_p0                            |   21|          4|   32|        128|
    |grp_fu_952_p1                            |   21|          4|   32|        128|
    |grp_fu_956_p0                            |   21|          4|   32|        128|
    |grp_fu_956_p1                            |   21|          4|   32|        128|
    |grp_fu_960_p0                            |   21|          4|   32|        128|
    |grp_fu_960_p1                            |   21|          4|   32|        128|
    |grp_fu_964_p0                            |   21|          4|   32|        128|
    |grp_fu_964_p1                            |   21|          4|   32|        128|
    |grp_fu_968_p0                            |   21|          4|   32|        128|
    |grp_fu_968_p1                            |   21|          4|   32|        128|
    |grp_fu_972_p0                            |   21|          4|   32|        128|
    |grp_fu_972_p1                            |   21|          4|   32|        128|
    |grp_fu_976_p0                            |   21|          4|   32|        128|
    |grp_fu_976_p1                            |   21|          4|   32|        128|
    |grp_fu_980_p0                            |   15|          3|   32|         96|
    |grp_fu_980_p1                            |   15|          3|   32|         96|
    |grp_fu_984_p0                            |   15|          3|   32|         96|
    |grp_fu_984_p1                            |   15|          3|   32|         96|
    |i_1_reg_782                              |    9|          2|    7|         14|
    |i_reg_670                                |    9|          2|    7|         14|
    |indvar_flatten_reg_771                   |    9|          2|   13|         26|
    |j_0_reg_681                              |    9|          2|    9|         18|
    |j_reg_793                                |    9|          2|    7|         14|
    |p_in_0_reg_715                           |    9|          2|  512|       1024|
    |p_in_4_reg_734                           |    9|          2|  512|       1024|
    |p_in_8_reg_753                           |    9|          2|  512|       1024|
    |phi_ln49_reg_804                         |    9|          2|  480|        960|
    |shiftreg34_0_reg_693                     |    9|          2|  384|        768|
    |shiftreg36_0_reg_704                     |    9|          2|  384|        768|
    +-----------------------------------------+-----+-----------+-----+-----------+
    |Total                                    | 3205|        656| 8964|      33627|
    +-----------------------------------------+-----+-----------+-----+-----------+

    * Register: 
    +-----------------------------+-----+----+-----+-----------+
    |             Name            |  FF | LUT| Bits| Const Bits|
    +-----------------------------+-----+----+-----+-----------+
    |Buffer_2_addr_10_reg_5313    |    9|   0|    9|          0|
    |Buffer_2_addr_14_reg_5389    |    9|   0|    9|          0|
    |Buffer_2_addr_6_reg_5231     |    9|   0|    9|          0|
    |Output_read_reg_5041         |   64|   0|   64|          0|
    |add_ln24_reg_5095            |    7|   0|    7|          0|
    |add_ln25_8_reg_5414          |    9|   0|    9|          0|
    |add_ln26_24_reg_5449         |    9|   0|    9|          0|
    |add_ln30_1_reg_5464          |   13|   0|   13|          0|
    |add_ln31_reg_5855            |    7|   0|    7|          0|
    |and_ln27_13_reg_5359         |  384|   0|  384|          0|
    |and_ln27_15_reg_5374         |  384|   0|  384|          0|
    |and_ln27_21_reg_5429         |  384|   0|  384|          0|
    |and_ln27_23_reg_5444         |  384|   0|  384|          0|
    |and_ln27_5_reg_5283          |  384|   0|  384|          0|
    |and_ln27_7_reg_5298          |  384|   0|  384|          0|
    |ap_CS_fsm                    |  169|   0|  169|          0|
    |ap_done_reg                  |    1|   0|    1|          0|
    |ap_enable_reg_pp0_iter0      |    1|   0|    1|          0|
    |ap_enable_reg_pp0_iter1      |    1|   0|    1|          0|
    |ap_enable_reg_pp0_iter10     |    1|   0|    1|          0|
    |ap_enable_reg_pp0_iter2      |    1|   0|    1|          0|
    |ap_enable_reg_pp0_iter3      |    1|   0|    1|          0|
    |ap_enable_reg_pp0_iter4      |    1|   0|    1|          0|
    |ap_enable_reg_pp0_iter5      |    1|   0|    1|          0|
    |ap_enable_reg_pp0_iter6      |    1|   0|    1|          0|
    |ap_enable_reg_pp0_iter7      |    1|   0|    1|          0|
    |ap_enable_reg_pp0_iter8      |    1|   0|    1|          0|
    |ap_enable_reg_pp0_iter9      |    1|   0|    1|          0|
    |ap_rst_n_inv                 |    1|   0|    1|          0|
    |ap_rst_reg_1                 |    1|   0|    1|          0|
    |ap_rst_reg_2                 |    1|   0|    1|          0|
    |aximm1_addr_read_1_reg_5330  |  512|   0|  512|          0|
    |aximm1_addr_read_2_reg_5399  |  512|   0|  512|          0|
    |aximm1_addr_read_reg_5236    |  512|   0|  512|          0|
    |aximm2_addr_read_1_reg_5340  |  512|   0|  512|          0|
    |aximm2_addr_read_2_reg_5409  |  512|   0|  512|          0|
    |aximm2_addr_read_reg_5246    |  512|   0|  512|          0|
    |empty_33_reg_5179            |    4|   0|    9|          5|
    |empty_34_reg_5211            |    4|   0|    4|          0|
    |empty_36_reg_725             |  512|   0|  512|          0|
    |empty_37_reg_744             |  512|   0|  512|          0|
    |empty_38_reg_762             |  512|   0|  512|          0|
    |i_1_reg_782                  |    7|   0|    7|          0|
    |i_reg_670                    |    7|   0|    7|          0|
    |icmp_ln26_1_reg_5321         |    1|   0|    1|          0|
    |icmp_ln26_2_reg_5345         |    1|   0|    1|          0|
    |icmp_ln26_reg_5217           |    1|   0|    1|          0|
    |icmp_ln30_reg_5460           |    1|   0|    1|          0|
    |icmp_ln31_reg_5469           |    1|   0|    1|          0|
    |icmp_ln49_reg_5515           |    1|   0|    1|          0|
    |indvar_flatten_reg_771       |   13|   0|   13|          0|
    |j_0_reg_681                  |    9|   0|    9|          0|
    |j_reg_793                    |    7|   0|    7|          0|
    |lshr_ln27_3_reg_5293         |  384|   0|  384|          0|
    |lshr_ln27_7_reg_5369         |  384|   0|  384|          0|
    |mul1_10_reg_6215             |   32|   0|   32|          0|
    |mul1_11_reg_6225             |   32|   0|   32|          0|
    |mul1_12_reg_6235             |   32|   0|   32|          0|
    |mul1_13_reg_6245             |   32|   0|   32|          0|
    |mul1_14_reg_6255             |   32|   0|   32|          0|
    |mul1_15_reg_6265             |   32|   0|   32|          0|
    |mul1_16_reg_6275             |   32|   0|   32|          0|
    |mul1_17_reg_6285             |   32|   0|   32|          0|
    |mul1_18_reg_6295             |   32|   0|   32|          0|
    |mul1_19_reg_6305             |   32|   0|   32|          0|
    |mul1_1_reg_5875              |   32|   0|   32|          0|
    |mul1_20_reg_6315             |   32|   0|   32|          0|
    |mul1_21_reg_6525             |   32|   0|   32|          0|
    |mul1_22_reg_6535             |   32|   0|   32|          0|
    |mul1_23_reg_6545             |   32|   0|   32|          0|
    |mul1_24_reg_6555             |   32|   0|   32|          0|
    |mul1_25_reg_6565             |   32|   0|   32|          0|
    |mul1_26_reg_6575             |   32|   0|   32|          0|
    |mul1_27_reg_6585             |   32|   0|   32|          0|
    |mul1_28_reg_6595             |   32|   0|   32|          0|
    |mul1_29_reg_6605             |   32|   0|   32|          0|
    |mul1_2_reg_5885              |   32|   0|   32|          0|
    |mul1_30_reg_6615             |   32|   0|   32|          0|
    |mul1_3_reg_5895              |   32|   0|   32|          0|
    |mul1_4_reg_5905              |   32|   0|   32|          0|
    |mul1_5_reg_5915              |   32|   0|   32|          0|
    |mul1_6_reg_5925              |   32|   0|   32|          0|
    |mul1_7_reg_5935              |   32|   0|   32|          0|
    |mul1_8_reg_5945              |   32|   0|   32|          0|
    |mul1_9_reg_5955              |   32|   0|   32|          0|
    |mul1_reg_5865                |   32|   0|   32|          0|
    |mul1_s_reg_5965              |   32|   0|   32|          0|
    |mul_10_reg_6210              |   32|   0|   32|          0|
    |mul_11_reg_6220              |   32|   0|   32|          0|
    |mul_12_reg_6230              |   32|   0|   32|          0|
    |mul_13_reg_6240              |   32|   0|   32|          0|
    |mul_14_reg_6250              |   32|   0|   32|          0|
    |mul_15_reg_6260              |   32|   0|   32|          0|
    |mul_16_reg_6270              |   32|   0|   32|          0|
    |mul_17_reg_6280              |   32|   0|   32|          0|
    |mul_18_reg_6290              |   32|   0|   32|          0|
    |mul_19_reg_6300              |   32|   0|   32|          0|
    |mul_1_reg_5870               |   32|   0|   32|          0|
    |mul_20_reg_6310              |   32|   0|   32|          0|
    |mul_21_reg_6520              |   32|   0|   32|          0|
    |mul_22_reg_6530              |   32|   0|   32|          0|
    |mul_23_reg_6540              |   32|   0|   32|          0|
    |mul_24_reg_6550              |   32|   0|   32|          0|
    |mul_25_reg_6560              |   32|   0|   32|          0|
    |mul_26_reg_6570              |   32|   0|   32|          0|
    |mul_27_reg_6580              |   32|   0|   32|          0|
    |mul_28_reg_6590              |   32|   0|   32|          0|
    |mul_29_reg_6600              |   32|   0|   32|          0|
    |mul_2_reg_5880               |   32|   0|   32|          0|
    |mul_30_reg_6610              |   32|   0|   32|          0|
    |mul_3_reg_5890               |   32|   0|   32|          0|
    |mul_4_reg_5900               |   32|   0|   32|          0|
    |mul_5_reg_5910               |   32|   0|   32|          0|
    |mul_6_reg_5920               |   32|   0|   32|          0|
    |mul_7_reg_5930               |   32|   0|   32|          0|
    |mul_8_reg_5940               |   32|   0|   32|          0|
    |mul_9_reg_5950               |   32|   0|   32|          0|
    |mul_reg_5860                 |   32|   0|   32|          0|
    |mul_s_reg_5960               |   32|   0|   32|          0|
    |or_ln_reg_6936               |  512|   0|  512|          0|
    |p_in_0_reg_715               |  512|   0|  512|          0|
    |p_in_4_reg_734               |  512|   0|  512|          0|
    |p_in_8_reg_753               |  512|   0|  512|          0|
    |phi_ln49_reg_804             |  480|   0|  480|          0|
    |phitmp1_cast_reg_5379        |  384|   0|  512|        128|
    |phitmp1_reg_5364             |  384|   0|  384|          0|
    |phitmp_cast_reg_5303         |  384|   0|  512|        128|
    |phitmp_reg_5288              |  384|   0|  384|          0|
    |reg_1464                     |   32|   0|   32|          0|
    |reg_1468                     |   32|   0|   32|          0|
    |reg_1472                     |   32|   0|   32|          0|
    |reg_1476                     |   32|   0|   32|          0|
    |reg_1480                     |   32|   0|   32|          0|
    |reg_1484                     |   32|   0|   32|          0|
    |reg_1488                     |   32|   0|   32|          0|
    |reg_1492                     |   32|   0|   32|          0|
    |reg_1496                     |   32|   0|   32|          0|
    |reg_1500                     |   32|   0|   32|          0|
    |reg_1504                     |   32|   0|   32|          0|
    |reg_1508                     |   32|   0|   32|          0|
    |reg_1512                     |   32|   0|   32|          0|
    |reg_1516                     |   32|   0|   32|          0|
    |reg_1520                     |   32|   0|   32|          0|
    |reg_1524                     |   32|   0|   32|          0|
    |reg_1528                     |   32|   0|   32|          0|
    |reg_1532                     |   32|   0|   32|          0|
    |reg_1536                     |   32|   0|   32|          0|
    |reg_1540                     |   32|   0|   32|          0|
    |reg_1544                     |   32|   0|   32|          0|
    |reg_1548                     |   32|   0|   32|          0|
    |reg_1552                     |   32|   0|   32|          0|
    |reg_1556                     |   32|   0|   32|          0|
    |reg_1560                     |   32|   0|   32|          0|
    |reg_1564                     |   32|   0|   32|          0|
    |reg_1568                     |   32|   0|   32|          0|
    |reg_1572                     |   32|   0|   32|          0|
    |reg_1576                     |   32|   0|   32|          0|
    |reg_1580                     |   32|   0|   32|          0|
    |reg_1584                     |   32|   0|   32|          0|
    |reg_1588                     |   32|   0|   32|          0|
    |reg_1592                     |   32|   0|   32|          0|
    |reg_1596                     |   32|   0|   32|          0|
    |reg_1600                     |   32|   0|   32|          0|
    |reg_1604                     |   32|   0|   32|          0|
    |reg_1608                     |   32|   0|   32|          0|
    |reg_1612                     |   32|   0|   32|          0|
    |reg_1616                     |   32|   0|   32|          0|
    |reg_1620                     |   32|   0|   32|          0|
    |reg_1624                     |   32|   0|   32|          0|
    |reg_1628                     |   32|   0|   32|          0|
    |select_ln30_1_reg_6930       |  480|   0|  480|          0|
    |select_ln30_2_reg_5482       |    7|   0|    7|          0|
    |select_ln30_reg_5474         |    7|   0|    7|          0|
    |select_ln49_reg_6941         |  480|   0|  480|          0|
    |shiftreg34_0_reg_693         |  384|   0|  384|          0|
    |shiftreg36_0_reg_704         |  384|   0|  384|          0|
    |shl_ln27_3_reg_5251          |   48|   0|   48|          0|
    |shl_ln_reg_5131              |    4|   0|    9|          5|
    |sub_ln26_reg_5073            |    8|   0|    9|          1|
    |sub_ln45_reg_5487            |    8|   0|    9|          1|
    |tmp10_reg_6865               |   32|   0|   32|          0|
    |tmp11_reg_6790               |   32|   0|   32|          0|
    |tmp12_reg_6640               |   32|   0|   32|          0|
    |tmp13_reg_6645               |   32|   0|   32|          0|
    |tmp14_reg_6795               |   32|   0|   32|          0|
    |tmp15_reg_6650               |   32|   0|   32|          0|
    |tmp16_reg_6655               |   32|   0|   32|          0|
    |tmp17_reg_6905               |   32|   0|   32|          0|
    |tmp18_reg_6870               |   32|   0|   32|          0|
    |tmp19_reg_6800               |   32|   0|   32|          0|
    |tmp1_reg_6920                |   32|   0|   32|          0|
    |tmp20_reg_6660               |   32|   0|   32|          0|
    |tmp21_reg_6665               |   32|   0|   32|          0|
    |tmp22_reg_6805               |   32|   0|   32|          0|
    |tmp23_reg_6670               |   32|   0|   32|          0|
    |tmp24_reg_6675               |   32|   0|   32|          0|
    |tmp25_reg_6875               |   32|   0|   32|          0|
    |tmp26_reg_6810               |   32|   0|   32|          0|
    |tmp27_reg_6680               |   32|   0|   32|          0|
    |tmp28_reg_6685               |   32|   0|   32|          0|
    |tmp29_reg_6815               |   32|   0|   32|          0|
    |tmp2_reg_6900                |   32|   0|   32|          0|
    |tmp30_reg_6690               |   32|   0|   32|          0|
    |tmp31_reg_6695               |   32|   0|   32|          0|
    |tmp32_reg_6925               |   32|   0|   32|          0|
    |tmp33_reg_6910               |   32|   0|   32|          0|
    |tmp34_reg_6880               |   32|   0|   32|          0|
    |tmp35_reg_6820               |   32|   0|   32|          0|
    |tmp36_reg_6700               |   32|   0|   32|          0|
    |tmp37_reg_6705               |   32|   0|   32|          0|
    |tmp38_reg_6825               |   32|   0|   32|          0|
    |tmp39_reg_6710               |   32|   0|   32|          0|
    |tmp3_reg_6860                |   32|   0|   32|          0|
    |tmp40_reg_6715               |   32|   0|   32|          0|
    |tmp41_reg_6885               |   32|   0|   32|          0|
    |tmp42_reg_6830               |   32|   0|   32|          0|
    |tmp43_reg_6720               |   32|   0|   32|          0|
    |tmp44_reg_6725               |   32|   0|   32|          0|
    |tmp45_reg_6835               |   32|   0|   32|          0|
    |tmp46_reg_6730               |   32|   0|   32|          0|
    |tmp47_reg_6735               |   32|   0|   32|          0|
    |tmp48_reg_6915               |   32|   0|   32|          0|
    |tmp49_reg_6890               |   32|   0|   32|          0|
    |tmp4_reg_6780                |   32|   0|   32|          0|
    |tmp50_reg_6840               |   32|   0|   32|          0|
    |tmp51_reg_6740               |   32|   0|   32|          0|
    |tmp52_reg_6745               |   32|   0|   32|          0|
    |tmp53_reg_6845               |   32|   0|   32|          0|
    |tmp54_reg_6750               |   32|   0|   32|          0|
    |tmp55_reg_6755               |   32|   0|   32|          0|
    |tmp56_reg_6895               |   32|   0|   32|          0|
    |tmp57_reg_6850               |   32|   0|   32|          0|
    |tmp58_reg_6760               |   32|   0|   32|          0|
    |tmp59_reg_6765               |   32|   0|   32|          0|
    |tmp5_reg_6620                |   32|   0|   32|          0|
    |tmp60_reg_6855               |   32|   0|   32|          0|
    |tmp61_reg_6770               |   32|   0|   32|          0|
    |tmp62_reg_6775               |   32|   0|   32|          0|
    |tmp6_reg_6625                |   32|   0|   32|          0|
    |tmp7_reg_6785                |   32|   0|   32|          0|
    |tmp8_reg_6630                |   32|   0|   32|          0|
    |tmp9_reg_6635                |   32|   0|   32|          0|
    |tmp_157_cast_reg_5115        |    3|   0|    9|          6|
    |tmp_45_reg_5565              |   32|   0|   32|          0|
    |tmp_47_reg_5570              |   32|   0|   32|          0|
    |tmp_66_reg_5825              |   32|   0|   32|          0|
    |tmp_68_reg_5830              |   32|   0|   32|          0|
    |tmp_89_reg_5845              |   32|   0|   32|          0|
    |tmp_91_reg_5850              |   32|   0|   32|          0|
    |tmp_reg_5100                 |    3|   0|    3|          0|
    |trunc_ln1_reg_5105           |   58|   0|   58|          0|
    |trunc_ln24_1_reg_5051        |   58|   0|   58|          0|
    |trunc_ln25_reg_5257          |    8|   0|    8|          0|
    |trunc_ln26_10_reg_5349       |   32|   0|   32|          0|
    |trunc_ln26_11_reg_5354       |   32|   0|   32|          0|
    |trunc_ln26_12_reg_5394       |   32|   0|   32|          0|
    |trunc_ln26_14_reg_5419       |   32|   0|   32|          0|
    |trunc_ln26_15_reg_5424       |   32|   0|   32|          0|
    |trunc_ln26_16_reg_5404       |   32|   0|   32|          0|
    |trunc_ln26_2_reg_5241        |   32|   0|   32|          0|
    |trunc_ln26_6_reg_5273        |   32|   0|   32|          0|
    |trunc_ln26_7_reg_5278        |   32|   0|   32|          0|
    |trunc_ln26_8_reg_5335        |   32|   0|   32|          0|
    |trunc_ln26_9_reg_5325        |   32|   0|   32|          0|
    |trunc_ln27_11_reg_5434       |  384|   0|  384|          0|
    |trunc_ln27_12_reg_5439       |  384|   0|  384|          0|
    |trunc_ln45_10_reg_6195       |   32|   0|   32|          0|
    |trunc_ln45_11_reg_6200       |   32|   0|   32|          0|
    |trunc_ln45_12_reg_6205       |   32|   0|   32|          0|
    |trunc_ln45_1_reg_5545        |   32|   0|   32|          0|
    |trunc_ln45_2_reg_5550        |   32|   0|   32|          0|
    |trunc_ln45_3_reg_5555        |   32|   0|   32|          0|
    |trunc_ln45_4_reg_5560        |   32|   0|   32|          0|
    |trunc_ln45_5_reg_5815        |   32|   0|   32|          0|
    |trunc_ln45_6_reg_5820        |   32|   0|   32|          0|
    |trunc_ln45_7_reg_5835        |   32|   0|   32|          0|
    |trunc_ln45_8_reg_5840        |   32|   0|   32|          0|
    |trunc_ln45_9_reg_6190        |   32|   0|   32|          0|
    |trunc_ln_reg_5046            |   58|   0|   58|          0|
    |urem_ln27_reg_5110           |    6|   0|    6|          0|
    |zext_ln27_2_reg_5308         |  384|   0|  512|        128|
    |zext_ln27_3_reg_5384         |  384|   0|  512|        128|
    |zext_ln45_7_reg_5530         |    7|   0|    9|          2|
    |icmp_ln30_reg_5460           |   64|  32|    1|          0|
    |icmp_ln31_reg_5469           |   64|  32|    1|          0|
    |icmp_ln49_reg_5515           |   64|  32|    1|          0|
    +-----------------------------+-----+----+-----+-----------+
    |Total                        |22164|  96|22507|        532|
    +-----------------------------+-----+----+-----+-----------+



================================================================
== Interface
================================================================
* Summary: 
+-----------------------+-----+-----+---------------+--------------+--------------+
|       RTL Ports       | Dir | Bits|    Protocol   | Source Object|    C Type    |
+-----------------------+-----+-----+---------------+--------------+--------------+
|s_axi_control_AWVALID  |  in |    1|     s_axi     |    control   |  return void |
|s_axi_control_AWREADY  | out |    1|     s_axi     |    control   |  return void |
|s_axi_control_AWADDR   |  in |    6|     s_axi     |    control   |  return void |
|s_axi_control_WVALID   |  in |    1|     s_axi     |    control   |  return void |
|s_axi_control_WREADY   | out |    1|     s_axi     |    control   |  return void |
|s_axi_control_WDATA    |  in |   32|     s_axi     |    control   |  return void |
|s_axi_control_WSTRB    |  in |    4|     s_axi     |    control   |  return void |
|s_axi_control_ARVALID  |  in |    1|     s_axi     |    control   |  return void |
|s_axi_control_ARREADY  | out |    1|     s_axi     |    control   |  return void |
|s_axi_control_ARADDR   |  in |    6|     s_axi     |    control   |  return void |
|s_axi_control_RVALID   | out |    1|     s_axi     |    control   |  return void |
|s_axi_control_RREADY   |  in |    1|     s_axi     |    control   |  return void |
|s_axi_control_RDATA    | out |   32|     s_axi     |    control   |  return void |
|s_axi_control_RRESP    | out |    2|     s_axi     |    control   |  return void |
|s_axi_control_BVALID   | out |    1|     s_axi     |    control   |  return void |
|s_axi_control_BREADY   |  in |    1|     s_axi     |    control   |  return void |
|s_axi_control_BRESP    | out |    2|     s_axi     |    control   |  return void |
|ap_clk                 |  in |    1| ap_ctrl_chain |     mmult    | return value |
|ap_rst_n               |  in |    1| ap_ctrl_chain |     mmult    | return value |
|interrupt              | out |    1| ap_ctrl_chain |     mmult    | return value |
|m_axi_aximm1_AWVALID   | out |    1|     m_axi     |    aximm1    |    pointer   |
|m_axi_aximm1_AWREADY   |  in |    1|     m_axi     |    aximm1    |    pointer   |
|m_axi_aximm1_AWADDR    | out |   64|     m_axi     |    aximm1    |    pointer   |
|m_axi_aximm1_AWID      | out |    1|     m_axi     |    aximm1    |    pointer   |
|m_axi_aximm1_AWLEN     | out |    8|     m_axi     |    aximm1    |    pointer   |
|m_axi_aximm1_AWSIZE    | out |    3|     m_axi     |    aximm1    |    pointer   |
|m_axi_aximm1_AWBURST   | out |    2|     m_axi     |    aximm1    |    pointer   |
|m_axi_aximm1_AWLOCK    | out |    2|     m_axi     |    aximm1    |    pointer   |
|m_axi_aximm1_AWCACHE   | out |    4|     m_axi     |    aximm1    |    pointer   |
|m_axi_aximm1_AWPROT    | out |    3|     m_axi     |    aximm1    |    pointer   |
|m_axi_aximm1_AWQOS     | out |    4|     m_axi     |    aximm1    |    pointer   |
|m_axi_aximm1_AWREGION  | out |    4|     m_axi     |    aximm1    |    pointer   |
|m_axi_aximm1_AWUSER    | out |    1|     m_axi     |    aximm1    |    pointer   |
|m_axi_aximm1_WVALID    | out |    1|     m_axi     |    aximm1    |    pointer   |
|m_axi_aximm1_WREADY    |  in |    1|     m_axi     |    aximm1    |    pointer   |
|m_axi_aximm1_WDATA     | out |  512|     m_axi     |    aximm1    |    pointer   |
|m_axi_aximm1_WSTRB     | out |   64|     m_axi     |    aximm1    |    pointer   |
|m_axi_aximm1_WLAST     | out |    1|     m_axi     |    aximm1    |    pointer   |
|m_axi_aximm1_WID       | out |    1|     m_axi     |    aximm1    |    pointer   |
|m_axi_aximm1_WUSER     | out |    1|     m_axi     |    aximm1    |    pointer   |
|m_axi_aximm1_ARVALID   | out |    1|     m_axi     |    aximm1    |    pointer   |
|m_axi_aximm1_ARREADY   |  in |    1|     m_axi     |    aximm1    |    pointer   |
|m_axi_aximm1_ARADDR    | out |   64|     m_axi     |    aximm1    |    pointer   |
|m_axi_aximm1_ARID      | out |    1|     m_axi     |    aximm1    |    pointer   |
|m_axi_aximm1_ARLEN     | out |    8|     m_axi     |    aximm1    |    pointer   |
|m_axi_aximm1_ARSIZE    | out |    3|     m_axi     |    aximm1    |    pointer   |
|m_axi_aximm1_ARBURST   | out |    2|     m_axi     |    aximm1    |    pointer   |
|m_axi_aximm1_ARLOCK    | out |    2|     m_axi     |    aximm1    |    pointer   |
|m_axi_aximm1_ARCACHE   | out |    4|     m_axi     |    aximm1    |    pointer   |
|m_axi_aximm1_ARPROT    | out |    3|     m_axi     |    aximm1    |    pointer   |
|m_axi_aximm1_ARQOS     | out |    4|     m_axi     |    aximm1    |    pointer   |
|m_axi_aximm1_ARREGION  | out |    4|     m_axi     |    aximm1    |    pointer   |
|m_axi_aximm1_ARUSER    | out |    1|     m_axi     |    aximm1    |    pointer   |
|m_axi_aximm1_RVALID    |  in |    1|     m_axi     |    aximm1    |    pointer   |
|m_axi_aximm1_RREADY    | out |    1|     m_axi     |    aximm1    |    pointer   |
|m_axi_aximm1_RDATA     |  in |  512|     m_axi     |    aximm1    |    pointer   |
|m_axi_aximm1_RLAST     |  in |    1|     m_axi     |    aximm1    |    pointer   |
|m_axi_aximm1_RID       |  in |    1|     m_axi     |    aximm1    |    pointer   |
|m_axi_aximm1_RUSER     |  in |    1|     m_axi     |    aximm1    |    pointer   |
|m_axi_aximm1_RRESP     |  in |    2|     m_axi     |    aximm1    |    pointer   |
|m_axi_aximm1_BVALID    |  in |    1|     m_axi     |    aximm1    |    pointer   |
|m_axi_aximm1_BREADY    | out |    1|     m_axi     |    aximm1    |    pointer   |
|m_axi_aximm1_BRESP     |  in |    2|     m_axi     |    aximm1    |    pointer   |
|m_axi_aximm1_BID       |  in |    1|     m_axi     |    aximm1    |    pointer   |
|m_axi_aximm1_BUSER     |  in |    1|     m_axi     |    aximm1    |    pointer   |
|m_axi_aximm2_AWVALID   | out |    1|     m_axi     |    aximm2    |    pointer   |
|m_axi_aximm2_AWREADY   |  in |    1|     m_axi     |    aximm2    |    pointer   |
|m_axi_aximm2_AWADDR    | out |   64|     m_axi     |    aximm2    |    pointer   |
|m_axi_aximm2_AWID      | out |    1|     m_axi     |    aximm2    |    pointer   |
|m_axi_aximm2_AWLEN     | out |    8|     m_axi     |    aximm2    |    pointer   |
|m_axi_aximm2_AWSIZE    | out |    3|     m_axi     |    aximm2    |    pointer   |
|m_axi_aximm2_AWBURST   | out |    2|     m_axi     |    aximm2    |    pointer   |
|m_axi_aximm2_AWLOCK    | out |    2|     m_axi     |    aximm2    |    pointer   |
|m_axi_aximm2_AWCACHE   | out |    4|     m_axi     |    aximm2    |    pointer   |
|m_axi_aximm2_AWPROT    | out |    3|     m_axi     |    aximm2    |    pointer   |
|m_axi_aximm2_AWQOS     | out |    4|     m_axi     |    aximm2    |    pointer   |
|m_axi_aximm2_AWREGION  | out |    4|     m_axi     |    aximm2    |    pointer   |
|m_axi_aximm2_AWUSER    | out |    1|     m_axi     |    aximm2    |    pointer   |
|m_axi_aximm2_WVALID    | out |    1|     m_axi     |    aximm2    |    pointer   |
|m_axi_aximm2_WREADY    |  in |    1|     m_axi     |    aximm2    |    pointer   |
|m_axi_aximm2_WDATA     | out |  512|     m_axi     |    aximm2    |    pointer   |
|m_axi_aximm2_WSTRB     | out |   64|     m_axi     |    aximm2    |    pointer   |
|m_axi_aximm2_WLAST     | out |    1|     m_axi     |    aximm2    |    pointer   |
|m_axi_aximm2_WID       | out |    1|     m_axi     |    aximm2    |    pointer   |
|m_axi_aximm2_WUSER     | out |    1|     m_axi     |    aximm2    |    pointer   |
|m_axi_aximm2_ARVALID   | out |    1|     m_axi     |    aximm2    |    pointer   |
|m_axi_aximm2_ARREADY   |  in |    1|     m_axi     |    aximm2    |    pointer   |
|m_axi_aximm2_ARADDR    | out |   64|     m_axi     |    aximm2    |    pointer   |
|m_axi_aximm2_ARID      | out |    1|     m_axi     |    aximm2    |    pointer   |
|m_axi_aximm2_ARLEN     | out |    8|     m_axi     |    aximm2    |    pointer   |
|m_axi_aximm2_ARSIZE    | out |    3|     m_axi     |    aximm2    |    pointer   |
|m_axi_aximm2_ARBURST   | out |    2|     m_axi     |    aximm2    |    pointer   |
|m_axi_aximm2_ARLOCK    | out |    2|     m_axi     |    aximm2    |    pointer   |
|m_axi_aximm2_ARCACHE   | out |    4|     m_axi     |    aximm2    |    pointer   |
|m_axi_aximm2_ARPROT    | out |    3|     m_axi     |    aximm2    |    pointer   |
|m_axi_aximm2_ARQOS     | out |    4|     m_axi     |    aximm2    |    pointer   |
|m_axi_aximm2_ARREGION  | out |    4|     m_axi     |    aximm2    |    pointer   |
|m_axi_aximm2_ARUSER    | out |    1|     m_axi     |    aximm2    |    pointer   |
|m_axi_aximm2_RVALID    |  in |    1|     m_axi     |    aximm2    |    pointer   |
|m_axi_aximm2_RREADY    | out |    1|     m_axi     |    aximm2    |    pointer   |
|m_axi_aximm2_RDATA     |  in |  512|     m_axi     |    aximm2    |    pointer   |
|m_axi_aximm2_RLAST     |  in |    1|     m_axi     |    aximm2    |    pointer   |
|m_axi_aximm2_RID       |  in |    1|     m_axi     |    aximm2    |    pointer   |
|m_axi_aximm2_RUSER     |  in |    1|     m_axi     |    aximm2    |    pointer   |
|m_axi_aximm2_RRESP     |  in |    2|     m_axi     |    aximm2    |    pointer   |
|m_axi_aximm2_BVALID    |  in |    1|     m_axi     |    aximm2    |    pointer   |
|m_axi_aximm2_BREADY    | out |    1|     m_axi     |    aximm2    |    pointer   |
|m_axi_aximm2_BRESP     |  in |    2|     m_axi     |    aximm2    |    pointer   |
|m_axi_aximm2_BID       |  in |    1|     m_axi     |    aximm2    |    pointer   |
|m_axi_aximm2_BUSER     |  in |    1|     m_axi     |    aximm2    |    pointer   |
+-----------------------+-----+-----+---------------+--------------+--------------+

